System uptime:up 35 minutes
Memory usage:               total        used        free      shared  buff/cache   available
Mem:           3.7Gi       376Mi       3.2Gi       3.5Mi       164Mi       3.3Gi
Swap:          1.0Gi          0B       1.0Gi
Disk usage :Filesystem      Size  Used Avail Use% Mounted on
none            1.9G     0  1.9G   0% /usr/lib/modules/6.6.87.2-microsoft-standard-WSL2
none            1.9G  4.0K  1.9G   1% /mnt/wsl
drivers         475G  280G  196G  59% /usr/lib/wsl/drivers
/dev/sdd       1007G  1.9G  954G   1% /
none            1.9G   76K  1.9G   1% /mnt/wslg
none            1.9G     0  1.9G   0% /usr/lib/wsl/lib
rootfs          1.9G  2.7M  1.9G   1% /init
none            1.9G  504K  1.9G   1% /run
none            1.9G     0  1.9G   0% /run/lock
none            1.9G     0  1.9G   0% /run/shm
none            1.9G   76K  1.9G   1% /mnt/wslg/versions.txt
none            1.9G   76K  1.9G   1% /mnt/wslg/doc
C:\             475G  280G  196G  59% /mnt/c
tmpfs           379M   20K  378M   1% /run/user/1000
number of CPU's:8
disk usage is in control
