Date :Sun Jan 11 13:52:54 UTC 2026
System uptime:up 49 minutes
Memory usage:               total        used        free      shared  buff/cache   available
Mem:           3.7Gi       379Mi       3.2Gi       3.5Mi       188Mi       3.3Gi
Swap:          1.0Gi          0B       1.0Gi
Disk usage :Filesystem      Size  Used Avail Use% Mounted on
none            1.9G     0  1.9G   0% /usr/lib/modules/6.6.87.2-microsoft-standard-WSL2
none            1.9G  4.0K  1.9G   1% /mnt/wsl
drivers         475G  280G  196G  59% /usr/lib/wsl/drivers
/dev/sdd       1007G  1.9G  954G   1% /
none            1.9G   76K  1.9G   1% /mnt/wslg
none            1.9G     0  1.9G   0% /usr/lib/wsl/lib
rootfs          1.9G  2.7M  1.9G   1% /init
none            1.9G  504K  1.9G   1% /run
none            1.9G     0  1.9G   0% /run/lock
none            1.9G     0  1.9G   0% /run/shm
none            1.9G   76K  1.9G   1% /mnt/wslg/versions.txt
none            1.9G   76K  1.9G   1% /mnt/wslg/doc
C:\             475G  280G  196G  59% /mnt/c
tmpfs           379M   20K  378M   1% /run/user/1000
number of CPU's:8
disk usage is in control
Date :Sun Jan 11 14:56:35 UTC 2026
System uptime:up 1 hour, 49 minutes
Memory usage:               total        used        free      shared  buff/cache   available
Mem:           3.7Gi       396Mi       3.2Gi       3.5Mi       166Mi       3.3Gi
Swap:          1.0Gi          0B       1.0Gi
Disk usage :Filesystem      Size  Used Avail Use% Mounted on
none            1.9G     0  1.9G   0% /usr/lib/modules/6.6.87.2-microsoft-standard-WSL2
none            1.9G  4.0K  1.9G   1% /mnt/wsl
drivers         475G  280G  195G  59% /usr/lib/wsl/drivers
/dev/sdd       1007G  1.9G  954G   1% /
none            1.9G   84K  1.9G   1% /mnt/wslg
none            1.9G     0  1.9G   0% /usr/lib/wsl/lib
rootfs          1.9G  2.7M  1.9G   1% /init
none            1.9G  532K  1.9G   1% /run
none            1.9G     0  1.9G   0% /run/lock
none            1.9G     0  1.9G   0% /run/shm
none            1.9G   76K  1.9G   1% /mnt/wslg/versions.txt
none            1.9G   76K  1.9G   1% /mnt/wslg/doc
C:\             475G  280G  195G  59% /mnt/c
tmpfs           379M   20K  378M   1% /run/user/1000
tmpfs           379M   20K  378M   1% /run/user/0
number of CPU's:8
disk usage is in control
Date :Sun Jan 11 15:05:38 UTC 2026
System uptime:up 1 hour, 58 minutes
Memory usage:               total        used        free      shared  buff/cache   available
Mem:           3.7Gi       397Mi       3.2Gi       3.5Mi       173Mi       3.3Gi
Swap:          1.0Gi          0B       1.0Gi
Disk usage :Filesystem      Size  Used Avail Use% Mounted on
none            1.9G     0  1.9G   0% /usr/lib/modules/6.6.87.2-microsoft-standard-WSL2
none            1.9G  4.0K  1.9G   1% /mnt/wsl
drivers         475G  280G  195G  59% /usr/lib/wsl/drivers
/dev/sdd       1007G  1.9G  954G   1% /
none            1.9G   84K  1.9G   1% /mnt/wslg
none            1.9G     0  1.9G   0% /usr/lib/wsl/lib
rootfs          1.9G  2.7M  1.9G   1% /init
none            1.9G  532K  1.9G   1% /run
none            1.9G     0  1.9G   0% /run/lock
none            1.9G     0  1.9G   0% /run/shm
none            1.9G   76K  1.9G   1% /mnt/wslg/versions.txt
none            1.9G   76K  1.9G   1% /mnt/wslg/doc
C:\             475G  280G  195G  59% /mnt/c
tmpfs           379M   20K  378M   1% /run/user/1000
tmpfs           379M   20K  378M   1% /run/user/0
number of CPU's:8
disk usage is in control
Top 5 hungry memory processes :USER         PID %CPU %MEM    VSZ   RSS TTY      STAT START   TIME COMMAND
root         202  0.0  0.5 107024 22272 ?        Ssl  13:06   0:00 /usr/bin/python3 /usr/share/unattended-upgrades/unattended-upgrade-shutdown --wait-for-signal
root          42  0.0  0.4  50356 16000 ?        S<s  13:06   0:00 /usr/lib/systemd/systemd-journald
root           1  0.0  0.3  22204 12756 ?        Ss   13:06   0:01 /sbin/init
root         179  0.0  0.3 1755584 12672 ?       Ssl  13:06   0:00 /usr/libexec/wsl-pro-service -vv
systemd+     104  0.0  0.3  21456 12160 ?        Ss   13:06   0:00 /usr/lib/systemd/systemd-resolved
Top 5 hungry cpu processes :USER         PID %CPU %MEM    VSZ   RSS TTY      STAT START   TIME COMMAND
deepa       4965 12.5  0.0   4752  3328 pts/0    S+   15:05   0:00 /bin/bash ./sys_health_check
root          90  0.1  0.1  25136  6144 ?        Ss   13:06   0:08 /usr/lib/systemd/systemd-udevd
deepa       3586  0.0  0.1   6204  5248 pts/0    Ss   14:40   0:00 -bash
root        3585  0.0  0.0   3140  1168 ?        S    14:40   0:00 /init
root           1  0.0  0.3  22204 12756 ?        Ss   13:06   0:01 /sbin/init
